C:\Program Files\Microsoft Visual Studio\2022\Community\MSBuild\Microsoft\VC\v170\Microsoft.CppBuild.targets(531,5): warning MSB8028: The intermediate directory (x64\Release\) contains files shared from another project (AUWPMC -- 2nd.vcxproj).  This can lead to incorrect clean and rebuild behavior.
  Cheat.cpp
C:\Users\jayde\Downloads\Cheat\OPEN SOURCE\AUWPMC\SDK\SDK.h(112,25): warning C4018: '<': signed/unsigned mismatch
C:\Users\jayde\Downloads\Cheat\OPEN SOURCE\AUWPMC\SDK\SDK.h(416,17): warning C4267: '=': conversion from 'size_t' to 'int', possible loss of data
C:\Users\jayde\Downloads\Cheat\OPEN SOURCE\AUWPMC\SDK\SDK.h(572,20): warning C4099: 'UPrimalItem': type name first seen using 'class' now seen using 'struct'
C:\Users\jayde\Downloads\Cheat\OPEN SOURCE\AUWPMC\SDK\SDK.h(559,15): message : see declaration of 'UPrimalItem'
C:\Users\jayde\Downloads\Cheat\OPEN SOURCE\AUWPMC\SDK\SDK.h(694,33): warning C4099: 'UPrimalInventoryComponent': type name first seen using 'struct' now seen using 'class'
C:\Users\jayde\Downloads\Cheat\OPEN SOURCE\AUWPMC\SDK\SDK.h(556,8): message : see declaration of 'UPrimalInventoryComponent'
C:\Users\jayde\Downloads\Cheat\OPEN SOURCE\AUWPMC\SDK\SDK.h(897,30): warning C4099: 'UActorComponent': type name first seen using 'struct' now seen using 'class'
C:\Users\jayde\Downloads\Cheat\OPEN SOURCE\AUWPMC\SDK\SDK.h(659,8): message : see declaration of 'UActorComponent'
C:\Users\jayde\Downloads\Cheat\OPEN SOURCE\AUWPMC\SDK\SDK.h(1129,1): warning C4099: 'UPrimalPlayerData': type name first seen using 'class' now seen using 'struct'
C:\Users\jayde\Downloads\Cheat\OPEN SOURCE\AUWPMC\SDK\SDK.h(1128,8): message : see declaration of 'UPrimalPlayerData'
C:\Users\jayde\Downloads\Cheat\OPEN SOURCE\AUWPMC\SDK\SDK.h(1249,80): warning C4099: 'FString': type name first seen using 'struct' now seen using 'class'
C:\Users\jayde\Downloads\Cheat\OPEN SOURCE\AUWPMC\SDK\SDK.h(411,8): message : see declaration of 'FString'
C:\Users\jayde\Downloads\Cheat\OPEN SOURCE\AUWPMC\SDK\SDK.h(1321,20): warning C4099: 'APlayerState': type name first seen using 'struct' now seen using 'class'
C:\Users\jayde\Downloads\Cheat\OPEN SOURCE\AUWPMC\SDK\SDK.h(1254,8): message : see declaration of 'APlayerState'
C:\Users\jayde\Downloads\Cheat\OPEN SOURCE\AUWPMC\SDK\SDK.h(1329,1): warning C4099: 'UPrimalItem': type name first seen using 'class' now seen using 'struct'
C:\Users\jayde\Downloads\Cheat\OPEN SOURCE\AUWPMC\SDK\SDK.h(1328,8): message : see declaration of 'UPrimalItem'
C:\Users\jayde\Downloads\Cheat\OPEN SOURCE\AUWPMC\SDK\SDK.h(1663,39): warning C4099: 'FString': type name first seen using 'struct' now seen using 'class'
C:\Users\jayde\Downloads\Cheat\OPEN SOURCE\AUWPMC\SDK\SDK.h(411,8): message : see declaration of 'FString'
C:\Users\jayde\Downloads\Cheat\OPEN SOURCE\AUWPMC\SDK\SDK.h(1715,1): warning C4099: 'APrimalCharacter': type name first seen using 'class' now seen using 'struct'
C:\Users\jayde\Downloads\Cheat\OPEN SOURCE\AUWPMC\SDK\SDK.h(1714,8): message : see declaration of 'APrimalCharacter'
C:\Users\jayde\Downloads\Cheat\OPEN SOURCE\AUWPMC\SDK\SDK.h(1807,39): warning C4099: 'AShooterCharacter': type name first seen using 'struct' now seen using 'class'
C:\Users\jayde\Downloads\Cheat\OPEN SOURCE\AUWPMC\SDK\SDK.h(1612,8): message : see declaration of 'AShooterCharacter'
C:\Users\jayde\Downloads\Cheat\OPEN SOURCE\AUWPMC\SDK\SDK.h(1839,1): warning C4099: 'APlayerController': type name first seen using 'class' now seen using 'struct'
C:\Users\jayde\Downloads\Cheat\OPEN SOURCE\AUWPMC\SDK\SDK.h(1838,8): message : see declaration of 'APlayerController'
C:\Users\jayde\Downloads\Cheat\OPEN SOURCE\AUWPMC\SDK\SDK.h(1917,48): warning C4099: 'FString': type name first seen using 'struct' now seen using 'class'
C:\Users\jayde\Downloads\Cheat\OPEN SOURCE\AUWPMC\SDK\SDK.h(411,8): message : see declaration of 'FString'
C:\Users\jayde\Downloads\Cheat\OPEN SOURCE\AUWPMC\SDK\SDK.h(1928,48): warning C4099: 'FString': type name first seen using 'struct' now seen using 'class'
C:\Users\jayde\Downloads\Cheat\OPEN SOURCE\AUWPMC\SDK\SDK.h(411,8): message : see declaration of 'FString'
C:\Users\jayde\Downloads\Cheat\OPEN SOURCE\AUWPMC\SDK\SDK.h(1928,79): warning C4099: 'FString': type name first seen using 'struct' now seen using 'class'
C:\Users\jayde\Downloads\Cheat\OPEN SOURCE\AUWPMC\SDK\SDK.h(411,8): message : see declaration of 'FString'
C:\Users\jayde\Downloads\Cheat\OPEN SOURCE\AUWPMC\SDK\SDK.h(2153,68): warning C4099: 'UPrimalInventoryComponent': type name first seen using 'struct' now seen using 'class'
C:\Users\jayde\Downloads\Cheat\OPEN SOURCE\AUWPMC\SDK\SDK.h(556,8): message : see declaration of 'UPrimalInventoryComponent'
C:\Users\jayde\Downloads\Cheat\OPEN SOURCE\AUWPMC\SDK\SDK.h(2165,48): warning C4099: 'FString': type name first seen using 'struct' now seen using 'class'
C:\Users\jayde\Downloads\Cheat\OPEN SOURCE\AUWPMC\SDK\SDK.h(411,8): message : see declaration of 'FString'
C:\Users\jayde\Downloads\Cheat\OPEN SOURCE\AUWPMC\SDK\SDK.h(2263,1): warning C4099: 'AGameState': type name first seen using 'class' now seen using 'struct'
C:\Users\jayde\Downloads\Cheat\OPEN SOURCE\AUWPMC\SDK\SDK.h(2262,8): message : see declaration of 'AGameState'
C:\Users\jayde\Downloads\Cheat\OPEN SOURCE\AUWPMC\SDK\SDK.h(2269,78): warning C4099: 'FString': type name first seen using 'struct' now seen using 'class'
C:\Users\jayde\Downloads\Cheat\OPEN SOURCE\AUWPMC\SDK\SDK.h(411,8): message : see declaration of 'FString'
C:\Users\jayde\Downloads\Cheat\OPEN SOURCE\AUWPMC\SDK\SDK.h(2271,27): warning C4099: 'APlayerState': type name first seen using 'struct' now seen using 'class'
C:\Users\jayde\Downloads\Cheat\OPEN SOURCE\AUWPMC\SDK\SDK.h(1254,8): message : see declaration of 'APlayerState'
C:\Users\jayde\Downloads\Cheat\OPEN SOURCE\AUWPMC\SDK\SDK.h(2339,1): warning C4099: 'UCharacterMovementComponent': type name first seen using 'class' now seen using 'struct'
C:\Users\jayde\Downloads\Cheat\OPEN SOURCE\AUWPMC\SDK\SDK.h(2338,8): message : see declaration of 'UCharacterMovementComponent'
C:\Users\jayde\Downloads\Cheat\OPEN SOURCE\AUWPMC\Menu.h(99,20): warning C4244: 'initializing': conversion from 'double' to 'float', possible loss of data
C:\Users\jayde\Downloads\Cheat\OPEN SOURCE\AUWPMC\Menu.h(100,18): warning C4244: 'initializing': conversion from 'double' to 'float', possible loss of data
C:\Users\jayde\Downloads\Cheat\OPEN SOURCE\AUWPMC\Menu.h(101,19): warning C4244: 'initializing': conversion from 'double' to 'float', possible loss of data
C:\Users\jayde\Downloads\Cheat\OPEN SOURCE\AUWPMC\Menu.h(167,16): warning C4244: 'return': conversion from 'double' to 'float', possible loss of data
C:\Users\jayde\Downloads\Cheat\OPEN SOURCE\AUWPMC\Cheat.cpp(236,115): warning C4244: 'argument': conversion from 'int' to 'float', possible loss of data
C:\Users\jayde\Downloads\Cheat\OPEN SOURCE\AUWPMC\Cheat.cpp(300,135): warning C4244: 'argument': conversion from 'int' to 'float', possible loss of data
C:\Users\jayde\Downloads\Cheat\OPEN SOURCE\AUWPMC\Cheat.cpp(301,135): warning C4244: 'argument': conversion from 'int' to 'float', possible loss of data
C:\Users\jayde\Downloads\Cheat\OPEN SOURCE\AUWPMC\Cheat.cpp(302,135): warning C4244: 'argument': conversion from 'int' to 'float', possible loss of data
C:\Users\jayde\Downloads\Cheat\OPEN SOURCE\AUWPMC\Cheat.cpp(303,135): warning C4244: 'argument': conversion from 'int' to 'float', possible loss of data
C:\Users\jayde\Downloads\Cheat\OPEN SOURCE\AUWPMC\Cheat.cpp(311,16): warning C4244: 'return': conversion from 'double' to 'int', possible loss of data
C:\Users\jayde\Downloads\Cheat\OPEN SOURCE\AUWPMC\Cheat.cpp(691,46): warning C4244: 'initializing': conversion from 'float' to 'int', possible loss of data
C:\Users\jayde\Downloads\Cheat\OPEN SOURCE\AUWPMC\Cheat.cpp(861,38): warning C4244: 'initializing': conversion from 'float' to 'int', possible loss of data
C:\Users\jayde\Downloads\Cheat\OPEN SOURCE\AUWPMC\Cheat.cpp(862,38): warning C4244: 'initializing': conversion from 'float' to 'int', possible loss of data
C:\Users\jayde\Downloads\Cheat\OPEN SOURCE\AUWPMC\Cheat.cpp(863,38): warning C4244: 'initializing': conversion from 'float' to 'int', possible loss of data
C:\Users\jayde\Downloads\Cheat\OPEN SOURCE\AUWPMC\Cheat.cpp(921,50): warning C4244: 'initializing': conversion from 'float' to 'int', possible loss of data
C:\Users\jayde\Downloads\Cheat\OPEN SOURCE\AUWPMC\Cheat.cpp(976,38): warning C4244: 'initializing': conversion from 'float' to 'int', possible loss of data
C:\Users\jayde\Downloads\Cheat\OPEN SOURCE\AUWPMC\Cheat.cpp(977,38): warning C4244: 'initializing': conversion from 'float' to 'int', possible loss of data
C:\Users\jayde\Downloads\Cheat\OPEN SOURCE\AUWPMC\Cheat.cpp(978,38): warning C4244: 'initializing': conversion from 'float' to 'int', possible loss of data
C:\Users\jayde\Downloads\Cheat\OPEN SOURCE\AUWPMC\Cheat.cpp(981,39): warning C4244: 'initializing': conversion from 'float' to 'int', possible loss of data
C:\Users\jayde\Downloads\Cheat\OPEN SOURCE\AUWPMC\Cheat.cpp(982,39): warning C4244: 'initializing': conversion from 'float' to 'int', possible loss of data
C:\Users\jayde\Downloads\Cheat\OPEN SOURCE\AUWPMC\Cheat.cpp(983,39): warning C4244: 'initializing': conversion from 'float' to 'int', possible loss of data
C:\Users\jayde\Downloads\Cheat\OPEN SOURCE\AUWPMC\Cheat.cpp(1140,34): warning C4244: 'initializing': conversion from 'float' to 'int', possible loss of data
C:\Users\jayde\Downloads\Cheat\OPEN SOURCE\AUWPMC\Cheat.cpp(1141,34): warning C4244: 'initializing': conversion from 'float' to 'int', possible loss of data
C:\Users\jayde\Downloads\Cheat\OPEN SOURCE\AUWPMC\Cheat.cpp(1142,34): warning C4244: 'initializing': conversion from 'float' to 'int', possible loss of data
C:\Users\jayde\Downloads\Cheat\OPEN SOURCE\AUWPMC\Cheat.cpp(1150,46): warning C4244: 'initializing': conversion from 'float' to 'int', possible loss of data
C:\Users\jayde\Downloads\Cheat\OPEN SOURCE\AUWPMC\Cheat.cpp(1174,34): warning C4244: 'initializing': conversion from 'float' to 'int', possible loss of data
C:\Users\jayde\Downloads\Cheat\OPEN SOURCE\AUWPMC\Cheat.cpp(1175,34): warning C4244: 'initializing': conversion from 'float' to 'int', possible loss of data
C:\Users\jayde\Downloads\Cheat\OPEN SOURCE\AUWPMC\Cheat.cpp(1176,34): warning C4244: 'initializing': conversion from 'float' to 'int', possible loss of data
C:\Users\jayde\Downloads\Cheat\OPEN SOURCE\AUWPMC\Cheat.cpp(1196,46): warning C4244: 'initializing': conversion from 'float' to 'int', possible loss of data
C:\Users\jayde\Downloads\Cheat\OPEN SOURCE\AUWPMC\Cheat.cpp(1211,34): warning C4244: 'initializing': conversion from 'float' to 'int', possible loss of data
C:\Users\jayde\Downloads\Cheat\OPEN SOURCE\AUWPMC\Cheat.cpp(1212,34): warning C4244: 'initializing': conversion from 'float' to 'int', possible loss of data
C:\Users\jayde\Downloads\Cheat\OPEN SOURCE\AUWPMC\Cheat.cpp(1213,34): warning C4244: 'initializing': conversion from 'float' to 'int', possible loss of data
C:\Users\jayde\Downloads\Cheat\OPEN SOURCE\AUWPMC\Cheat.cpp(1314,59): warning C4305: '=': truncation from 'double' to 'float'
C:\Users\jayde\Downloads\Cheat\OPEN SOURCE\AUWPMC\Cheat.cpp(1326,60): warning C4305: '=': truncation from '__int64' to 'float'
C:\Users\jayde\Downloads\Cheat\OPEN SOURCE\AUWPMC\Cheat.cpp(1336,26): warning C4244: 'initializing': conversion from 'float' to 'int', possible loss of data
C:\Users\jayde\Downloads\Cheat\OPEN SOURCE\AUWPMC\Cheat.cpp(1337,26): warning C4244: 'initializing': conversion from 'float' to 'int', possible loss of data
C:\Users\jayde\Downloads\Cheat\OPEN SOURCE\AUWPMC\Cheat.cpp(1338,26): warning C4244: 'initializing': conversion from 'float' to 'int', possible loss of data
C:\Users\jayde\Downloads\Cheat\OPEN SOURCE\AUWPMC\Cheat.cpp(1342,88): warning C4244: 'argument': conversion from 'float' to 'int', possible loss of data
C:\Users\jayde\Downloads\Cheat\OPEN SOURCE\AUWPMC\Cheat.cpp(1348,26): warning C4244: 'initializing': conversion from 'float' to 'int', possible loss of data
C:\Users\jayde\Downloads\Cheat\OPEN SOURCE\AUWPMC\Cheat.cpp(1349,26): warning C4244: 'initializing': conversion from 'float' to 'int', possible loss of data
C:\Users\jayde\Downloads\Cheat\OPEN SOURCE\AUWPMC\Cheat.cpp(1350,26): warning C4244: 'initializing': conversion from 'float' to 'int', possible loss of data
C:\Users\jayde\Downloads\Cheat\OPEN SOURCE\AUWPMC\Cheat.cpp(504,20): warning C4101: 'nNumCharConverted': unreferenced local variable
C:\Users\jayde\Downloads\Cheat\OPEN SOURCE\AUWPMC\Cheat.cpp(1584,30): warning C4244: 'initializing': conversion from 'float' to 'int', possible loss of data
C:\Users\jayde\Downloads\Cheat\OPEN SOURCE\AUWPMC\Cheat.cpp(1603,203): warning C4244: 'argument': conversion from 'float' to 'int', possible loss of data
C:\Users\jayde\Downloads\Cheat\OPEN SOURCE\AUWPMC\Cheat.cpp(1603,181): warning C4244: 'argument': conversion from 'float' to 'int', possible loss of data
C:\Users\jayde\Downloads\Cheat\OPEN SOURCE\AUWPMC\Cheat.cpp(1603,153): warning C4244: 'argument': conversion from 'float' to 'int', possible loss of data
C:\Users\jayde\Downloads\Cheat\OPEN SOURCE\AUWPMC\Cheat.cpp(1603,132): warning C4244: 'argument': conversion from 'float' to 'int', possible loss of data
C:\Users\jayde\Downloads\Cheat\OPEN SOURCE\AUWPMC\Cheat.cpp(1603,118): warning C4244: 'argument': conversion from 'float' to 'int', possible loss of data
C:\Users\jayde\Downloads\Cheat\OPEN SOURCE\AUWPMC\Cheat.cpp(1626,142): warning C4244: 'argument': conversion from 'float' to 'int', possible loss of data
C:\Users\jayde\Downloads\Cheat\OPEN SOURCE\AUWPMC\Cheat.cpp(1626,120): warning C4244: 'argument': conversion from 'float' to 'int', possible loss of data
C:\Users\jayde\Downloads\Cheat\OPEN SOURCE\AUWPMC\Cheat.cpp(1626,97): warning C4244: 'argument': conversion from 'float' to 'int', possible loss of data
C:\Users\jayde\Downloads\Cheat\OPEN SOURCE\AUWPMC\Cheat.cpp(1626,83): warning C4244: 'argument': conversion from 'float' to 'int', possible loss of data
C:\Users\jayde\Downloads\Cheat\OPEN SOURCE\AUWPMC\Cheat.cpp(1900,33): warning C4244: 'initializing': conversion from 'double' to 'float', possible loss of data
C:\Users\jayde\Downloads\Cheat\OPEN SOURCE\AUWPMC\Cheat.cpp(1901,59): warning C4305: '+=': truncation from 'double' to 'float'
C:\Users\jayde\Downloads\Cheat\OPEN SOURCE\AUWPMC\Cheat.cpp(1902,63): warning C4305: '-=': truncation from 'double' to 'float'
C:\Users\jayde\Downloads\Cheat\OPEN SOURCE\AUWPMC\Cheat.cpp(1903,53): warning C4305: '-=': truncation from 'double' to 'float'
C:\Users\jayde\Downloads\Cheat\OPEN SOURCE\AUWPMC\Cheat.cpp(1904,39): warning C4305: '+=': truncation from 'double' to 'float'
C:\Users\jayde\Downloads\Cheat\OPEN SOURCE\AUWPMC\Cheat.cpp(1929,41): warning C4244: 'initializing': conversion from 'double' to 'float', possible loss of data
C:\Users\jayde\Downloads\Cheat\OPEN SOURCE\AUWPMC\Cheat.cpp(1930,67): warning C4305: '+=': truncation from 'double' to 'float'
C:\Users\jayde\Downloads\Cheat\OPEN SOURCE\AUWPMC\Cheat.cpp(1931,71): warning C4305: '-=': truncation from 'double' to 'float'
C:\Users\jayde\Downloads\Cheat\OPEN SOURCE\AUWPMC\Cheat.cpp(1932,61): warning C4305: '-=': truncation from 'double' to 'float'
C:\Users\jayde\Downloads\Cheat\OPEN SOURCE\AUWPMC\Cheat.cpp(1933,47): warning C4305: '+=': truncation from 'double' to 'float'
C:\Users\jayde\Downloads\Cheat\OPEN SOURCE\AUWPMC\Cheat.cpp(1960,37): warning C4244: 'initializing': conversion from 'double' to 'float', possible loss of data
C:\Users\jayde\Downloads\Cheat\OPEN SOURCE\AUWPMC\Cheat.cpp(1961,63): warning C4305: '+=': truncation from 'double' to 'float'
C:\Users\jayde\Downloads\Cheat\OPEN SOURCE\AUWPMC\Cheat.cpp(1962,67): warning C4305: '-=': truncation from 'double' to 'float'
C:\Users\jayde\Downloads\Cheat\OPEN SOURCE\AUWPMC\Cheat.cpp(1963,57): warning C4305: '-=': truncation from 'double' to 'float'
C:\Users\jayde\Downloads\Cheat\OPEN SOURCE\AUWPMC\Cheat.cpp(1964,43): warning C4305: '+=': truncation from 'double' to 'float'
C:\Users\jayde\Downloads\Cheat\OPEN SOURCE\AUWPMC\Cheat.cpp(1990,37): warning C4244: 'initializing': conversion from 'double' to 'float', possible loss of data
C:\Users\jayde\Downloads\Cheat\OPEN SOURCE\AUWPMC\Cheat.cpp(1991,63): warning C4305: '+=': truncation from 'double' to 'float'
C:\Users\jayde\Downloads\Cheat\OPEN SOURCE\AUWPMC\Cheat.cpp(1992,67): warning C4305: '-=': truncation from 'double' to 'float'
C:\Users\jayde\Downloads\Cheat\OPEN SOURCE\AUWPMC\Cheat.cpp(1993,57): warning C4305: '-=': truncation from 'double' to 'float'
C:\Users\jayde\Downloads\Cheat\OPEN SOURCE\AUWPMC\Cheat.cpp(1994,43): warning C4305: '+=': truncation from 'double' to 'float'
C:\Users\jayde\Downloads\Cheat\OPEN SOURCE\AUWPMC\Cheat.cpp(2020,37): warning C4244: 'initializing': conversion from 'double' to 'float', possible loss of data
C:\Users\jayde\Downloads\Cheat\OPEN SOURCE\AUWPMC\Cheat.cpp(2021,63): warning C4305: '+=': truncation from 'double' to 'float'
C:\Users\jayde\Downloads\Cheat\OPEN SOURCE\AUWPMC\Cheat.cpp(2022,67): warning C4305: '-=': truncation from 'double' to 'float'
C:\Users\jayde\Downloads\Cheat\OPEN SOURCE\AUWPMC\Cheat.cpp(2023,57): warning C4305: '-=': truncation from 'double' to 'float'
C:\Users\jayde\Downloads\Cheat\OPEN SOURCE\AUWPMC\Cheat.cpp(2024,43): warning C4305: '+=': truncation from 'double' to 'float'
C:\Users\jayde\Downloads\Cheat\OPEN SOURCE\AUWPMC\Cheat.cpp(2050,41): warning C4244: 'initializing': conversion from 'double' to 'float', possible loss of data
C:\Users\jayde\Downloads\Cheat\OPEN SOURCE\AUWPMC\Cheat.cpp(2051,67): warning C4305: '+=': truncation from 'double' to 'float'
C:\Users\jayde\Downloads\Cheat\OPEN SOURCE\AUWPMC\Cheat.cpp(2052,71): warning C4305: '-=': truncation from 'double' to 'float'
C:\Users\jayde\Downloads\Cheat\OPEN SOURCE\AUWPMC\Cheat.cpp(2053,61): warning C4305: '-=': truncation from 'double' to 'float'
C:\Users\jayde\Downloads\Cheat\OPEN SOURCE\AUWPMC\Cheat.cpp(2054,47): warning C4305: '+=': truncation from 'double' to 'float'
C:\Users\jayde\Downloads\Cheat\OPEN SOURCE\AUWPMC\Menu.h(69): warning C4715: 'MaxArr': not all control paths return a value
C:\Users\jayde\Downloads\Cheat\OPEN SOURCE\AUWPMC\Menu.h(82): warning C4715: 'MinArr': not all control paths return a value
C:\Users\jayde\Downloads\Cheat\OPEN SOURCE\AUWPMC\SDK\SDK.h(1653): warning C4715: 'AShooterCharacter::GetBuff': not all control paths return a value
C:\Users\jayde\Downloads\Cheat\OPEN SOURCE\AUWPMC\SDK\SDK.h(1888): warning C4715: 'APlayerController::GetPlayerCharacter': not all control paths return a value
C:\Users\jayde\Downloads\Cheat\OPEN SOURCE\AUWPMC\Cheat.cpp(1453): warning C4715: 'RetrieveUWPFolder': not all control paths return a value
C:\Users\jayde\Downloads\Cheat\OPEN SOURCE\AUWPMC\Cheat.cpp(1462): warning C4715: 'RetrieveUWPFolder2': not all control paths return a value
  HookLib.lib(HookLib.obj) : MSIL .netmodule or module compiled with /GL found; restarting link with /LTCG; add /LTCG to the link command line to improve linker performance
LINK : warning LNK4098: defaultlib 'MSVCRT' conflicts with use of other libs; use /NODEFAULTLIB:library
  Generating code
  Finished generating code
Zydis.lib(Decoder.obj) : warning LNK4099: PDB '' was not found with 'Zydis.lib(Decoder.obj)' or at ''; linking object as if no debug info
Zydis.lib(Register.obj) : warning LNK4099: PDB '' was not found with 'Zydis.lib(Register.obj)' or at ''; linking object as if no debug info
Zydis.lib(DecoderData.obj) : warning LNK4099: PDB '' was not found with 'Zydis.lib(DecoderData.obj)' or at ''; linking object as if no debug info
Zydis.lib(SharedData.obj) : warning LNK4099: PDB '' was not found with 'Zydis.lib(SharedData.obj)' or at ''; linking object as if no debug info
detours.lib(modules.obj) : warning LNK4099: PDB '' was not found with 'detours.lib(modules.obj)' or at ''; linking object as if no debug info
detours.lib(detours.obj) : warning LNK4099: PDB '' was not found with 'detours.lib(detours.obj)' or at ''; linking object as if no debug info
detours.lib(disasm.obj) : warning LNK4099: PDB '' was not found with 'detours.lib(disasm.obj)' or at ''; linking object as if no debug info
HookLib.lib(HookLib.obj) : warning LNK4099: PDB '' was not found with 'HookLib.lib(HookLib.obj)' or at ''; linking object as if no debug info
  AUWPMC.vcxproj -> C:\Users\jayde\Downloads\Cheat\OPEN SOURCE\Ark Cheat.dll
