c:\users\weed\desktop\ark-uwp-source-main\auwpmc\x64\release\ue4.obj
c:\users\weed\desktop\ark-uwp-source-main\auwpmc\x64\release\transform.obj
c:\users\weed\desktop\ark-uwp-source-main\auwpmc\x64\release\sdk.obj
c:\users\weed\desktop\ark-uwp-source-main\auwpmc\x64\release\memhelper.obj
c:\users\weed\desktop\ark-uwp-source-main\auwpmc\x64\release\main.obj
c:\users\weed\desktop\ark-uwp-source-main\auwpmc\x64\release\logger.obj
c:\users\weed\desktop\ark-uwp-source-main\auwpmc\x64\release\imgui_widgets.obj
c:\users\weed\desktop\ark-uwp-source-main\auwpmc\x64\release\imgui_impl_win32.obj
c:\users\weed\desktop\ark-uwp-source-main\auwpmc\x64\release\imgui_impl_dx11.obj
c:\users\weed\desktop\ark-uwp-source-main\auwpmc\x64\release\imgui_draw.obj
c:\users\weed\desktop\ark-uwp-source-main\auwpmc\x64\release\imgui_demo.obj
c:\users\weed\desktop\ark-uwp-source-main\auwpmc\x64\release\imgui.obj
c:\users\weed\desktop\ark-uwp-source-main\auwpmc\x64\release\d3d11hooking.obj
c:\users\weed\desktop\ark-uwp-source-main\auwpmc\x64\release\extracode.obj
c:\users\weed\desktop\ark-uwp-source-main\auwpmc\x64\release\dump.obj
c:\users\weed\desktop\ark-uwp-source-main\auwpmc\x64\release\cheat.obj
c:\users\weed\desktop\ark-uwp-source-main\weedmen55cheat.dll
c:\users\weed\desktop\ark-uwp-source-main\weedmen55cheat.pdb
c:\users\weed\desktop\ark-uwp-source-main\auwpmc\x64\release\auwpmc -- 2nd.tlog\cl.command.1.tlog
c:\users\weed\desktop\ark-uwp-source-main\auwpmc\x64\release\auwpmc -- 2nd.tlog\cl.read.1.tlog
c:\users\weed\desktop\ark-uwp-source-main\auwpmc\x64\release\auwpmc -- 2nd.tlog\cl.write.1.tlog
c:\users\weed\desktop\ark-uwp-source-main\auwpmc\x64\release\auwpmc -- 2nd.tlog\link.command.1.tlog
c:\users\weed\desktop\ark-uwp-source-main\auwpmc\x64\release\auwpmc -- 2nd.tlog\link.read.1.tlog
c:\users\weed\desktop\ark-uwp-source-main\auwpmc\x64\release\auwpmc -- 2nd.tlog\link.write.1.tlog
